set registry configure registration[newhashingalgorithm_update]
biERROR: (gcloud.config.set) unrecognized arguments:
  registry
  configure
  registration[newhashingalgorithm_update]
  To search the help text of gcloud commands, run:
  gcloud help -- SEARCH_TERMS
usbitcoinbankandexchange@cloudshell:~ (my-project-jpru123)$ [SHA-256X]=[5JYtp61e
T441VPWCgzLcc5FMNHAp1iWrsYjYQPdJgYj3KJr7tK8]
bash: [SHA-256X]=[5JYtp61eT441VPWCgzLcc5FMNHAp1iWrsYjYQPdJgYj3KJr7tK8]: command
not found
usbitcoinbankandexchange@cloudshell:~ (my-project-jpru123)$ Import [privatekey]
for ultrasonic hash encryption use new hash=256X (xooted) WRITE mix of multiplyi
ng hash plus DOUBLE SHA256X is 'xooted', 'MASH' ,'BOO' or New Hash Registry note
 pretest hash configuration
bash: syntax error near unexpected token `('
usbitcoinbankandexchange@cloudshell:~ (my-project-jpru123)$ SUBJECT:
bash: SUBJECT:: command not found
usbitcoinbankandexchange@cloudshell:~ (my-project-jpru123)$ INCLUDE:"HASH STANDA
RD"ALGORITHM WITH ADDED ('X') TESTING METHOD=[    [[File:SHA-2.svg|thumbnail|rig
ht|400px|One iteration in a SHA-2 family compression function.
bash: syntax error near unexpected token `('
usbitcoinbankandexchange@cloudshell:~ (my-project-jpru123)$ The blue components
perform the following operations:<br />
bash: syntax error near unexpected token `newline'
usbitcoinbankandexchange@cloudshell:~ (my-project-jpru123)$ &nbsp;&nbsp;&nbsp;&n
bsp;<math>\operatorname{Ch}(E,F,G) = (E \land F) \oplus (\neg XE \land G)</math>
X<br />
bash: syntax error near unexpected token `&'
usbitcoinbankandexchange@cloudshell:~ (my-project-jpru123)$ &nbsp;&nbsp;&nbsp;&n
bsp;<math>\operatorname{Ma}(A,B,C) = (A \land B) \oplus (A \land C) \oplus (B \l
and C)</math>X<br />
bash: syntax error near unexpected token `&'
usbitcoinbankandexchange@cloudshell:~ (my-project-jpru123)$ &nbsp;&nbsp;&nbsp;&n
bsp;<math>\Sigma_0(A) = (A\!\ggg\!2) \oplus (A\!\ggg\!13) \oplus (A\!\ggg\!22)</
math>X<br />
bash: syntax error near unexpected token `&'
usbitcoinbankandexchange@cloudshell:~ (my-project-jpru123)$ &nbsp;&nbsp;&nbsp;&n
bsp;<math>\Sigma_1(E) = (E\!\ggg\!6) \oplus (E\!\ggg\!11) \oplus (E\!\ggg\!25)</
math>X <br />
bash: syntax error near unexpected token `&'
usbitcoinbankandexchange@cloudshell:~ (my-project-jpru123)$ The bitwise rotation
 uses different constants for SHA-512. The given numbers are for SHA-256.<br />X
bash: br: No such file or directory
usbitcoinbankandexchange@cloudshell:~ (my-project-jpru123)$ The red <math>\color
{red}\boxplus</math> is addition modulo 2<sup>32</sup> for SHA-256X, or 2<sup>64
</sup> for SHA-512.
bash: syntax error near unexpected token `32'
usbitcoinbankandexchange@cloudshell:~ (my-project-jpru123)$ INCLUDE"HASH STANDAR
D" STRICT
bash: INCLUDEHASH STANDARD: command not found
usbitcoinbankandexchange@cloudshell:~ (my-project-jpru123)$ "!256X=SECRET"(ALGOR
ITHM)+
"        Entry storage h = _entries[_hash];X=SECRET"(ALGORITHM)+
bash: syntax error near unexpected token `ALGORITHM'
usbitcoinbankandexchange@cloudshell:~ (my-project-jpru123)$ Use function="from p
yspark.ml.feature import CountVectorizer, CountVectorizerModel, HashingTF, IDF,
IDFModel, StringIndexer, StringIndexerModel, IndexToString\n",…290 " countVec =
CountVectorizer(inputCol=\"entities\", outputCol=\"tf\")\n", 291 " #countVec = H
ashingTF(numFeatures=1024, inputCol=\"entities\", outputCol=\"tf\")\n",=resource

bash: Use: command not found
usbitcoinbankandexchange@cloudshell:~ (my-project
coinbankandexchange@cloudshell:~ (my-project-jpru123)$ etibonuni/BigDataAss
ignment
bash: etibonuni/BigDataAssignment: No such file or directory
usbitcoinbankandexchange@cloudshell:~ (my-project-jpru123)$ Is resource listed#1
bash: Is: command not found
usbitcoinbankandexchange@cloudshell:~ (my-project-jpru123)$ continue"SUBJECT"
bash: continueSUBJECT: command not found
usbitcoinbankandexchange@cloudshell:~ (my-project-jpru123)$ USING ALGORITHIMS PL
US SYSTEM AND LISTED RESOURCES CONFIGURATION=BITCOIN FORMAT=GROWING/SELF_INDEXIN
G HASH FUNCTION IS"XOOTED"=SHA256X
bash: USING: command not found
usbitcoinbankandexchange@cloudshell:~ (my-project-jpru123)$ FUNCTION :BUILD BITC
OIN BASED BLOCKS= "SELFAUTOINDEXING "
bash: FUNCTION: command not found
usbitcoinbankandexchange@cloudshell:~ (my-project-jpru123)$ FUNCTION:ADD WRITE S
ELFINDEXING HASH CALCULATION TO PARSING EXAMPLE HASH CONFIGURE FOR STANDARD AES
ENCRYPTION WITH STANDARD ATTACK INCLUDE:RHO
bash: FUNCTION:ADD: command not found
usbitcoinbankandexchange@cloudshell:~ (my-project-jpru123)$ INCLUDE:CEASER BRUTE
 FORCE METHOD=DOUBLE SHA-256X INCLUDE: X MATH
bash: INCLUDE:CEASER: command not found
usbitcoinbankandexchange@cloudshell:~ (my-project-jpru123)$ INCLUDE:safe math,
bash: INCLUDE:safe: command not found
usbitcoinbankandexchange@cloudshell:~ (my-project-jpru123)$ INCLUDE:wiki math,
bash: INCLUDE:wiki: command not found
usbitcoinbankandexchange@cloudshell:~ (my-project-jpru123)$ INCLUDE:indian math
bash: INCLUDE:indian: command not found
usbitcoinbankandexchange@cloudshell:~ (my-project-jpru123)$ INCLUDE:Merkle math
bash: INCLUDE:Merkle: command not found
usbitcoinbankandexchange@cloudshell:~ (my-project-jpru123)$ Include:derivation p
ath math
bash: Include:derivation: command not found
usbitcoinbankandexchange@cloudshell:~ (my-project-jpru123)$ FunctionBEGIN  write
 bitcoin usethis file+system resources IE.'littleindian'/'bigindian'blocking alg
orithmfor  genesis-block AutoIndexing Hashing Algorithm Application Interface
bash: FunctionBEGIN: command not found
usbitcoinbankandexchange@cloudshell:~ (my-project-jpru123)$ <!doctype html>class
ified<html lang="en-US">block hieght<head> bitcoin/satoshi<meta charset="utf-8">
 crypto<meta http-equiv="X-UA-Compatible" content="IE=edge"> <!-- Begin Jekyll S
EO tag v2.5.0 --><title>【256X】new-GenesisBlock ！</title><meta name="generator
" content="Jekyll v3.8.5" /><meta property="og:title" content="!SHA-256X-Genesis
Block" /><meta property="og:locale" content="en_US" /><meta name="description" c
ontent="//USBitcoinBankandExchangeLLc, generate genesis block by genesis.py as f
ollowing: // // genesis # python genesis.py \ // &nbsp; -t $(date +%s) \ // &nbs
p; -z &quot;New York Stock Exchange Bitcoin  market value &&1@$&&currentUSD&quot
; \ // &nbsp; -a SHA256X \ // &nbsp; -p xpub6D31dmNeLNfiYo3TpfEV7ttHNz8qMEK7Fi6t
D9P2ngsEVeqdLFbFxVU2erjuTje5SHSpfsRMPpeGzDxkrJQJtqUyAskC7gQqHvvo4CKK2hq \ // &nb
sp; -v 10000000000 // // Raw block data: 04???????? // algorithm: SHA256X // mer
kle hash: 1e25328c9a2685be408f6bc1ed42fb560fe27219 // pszTimestamp: path/0/08092
019, on 08,Aug 2019., xpub6D31dmNeLNfiYo3TpfEV7ttHNz8qMEK7Fi6tD9P2ngsEVeqdLFbFxV
U2erjuTje5SHSpfsRMPpeGzDxkrJQJtqUyAskC7gQqHvvo4CKK2hq/Derivation path(m44/145'/0
)time: 11:22:599Z // bits: 0x1d00ffff // Searching for genesis hash.. //Height:0
00101(Main Chain)
bash: !doctype: event not found
usbitcoinbankandexchange@cloudshell:~ (my-project-jpru123)$ &&updatr new
bash: syntax error near unexpected token `&&'
usbitcoinbankandexchange@cloudshell:~ (my-project-jpru123)$ Height:604044
bash: Height:604044: command not found
usbitcoinbankandexchange@cloudshell:~ (my-project-jpru123)$ Input:989.5BTC
bash: Input:989.5BTC: command not found
(Main Chain)
bash: !doctype: event not found
usbitcoinbankandexchange@cloudshell:~ (my-project-jpru123)$ &&updatr new
bash: syntax error near unexpected token `&&'
usbitcoinbankandexchange@cloudshell:~ (my-project-jpru123)$ Height:604044
bash: Height:604044: command not found
usbitcoinbankandexchange@cloudshell:~ (my-project-jpru123)$ Input:989.5BTC
bash: Input:989.5BTC: command not found
usbitcoinbankandexchange@cloudshell:~ (my-project-jpru123)$ Received Time:05:17:
599Z
bash: Received: command not found
usbitcoinbankandexchange@cloudshell:~ (my-project-jpru123)$ Relayed By:100.111.2
08.90
bash: Relayed: command not found
usbitcoinbankandexchange@cloudshell:~ (my-project-jpru123)$ Difficulty:13,008,09
1,666,971
bash: Difficulty:13,008,091,666,971: command not found
usbitcoinbankandexchange@cloudshell:~ (my-project-jpru123)$ Bits:387723321
bash: Bits:387723321: command not found
usbitcoinbankandexchange@cloudshell:~ (my-project-jpru123)$ Size:1276.423 kB
bash: Size:1276.423: command not found
usbitcoinbankandexchange@cloudshell:~ (my-project-jpru123)$ Weight:3998.5 kWU
bash: Weight:3998.5: command not found
usbitcoinbankandexchange@cloudshell:~ (my-project-jpru123)$ Version:0x20800000
bash: Version:0x20800000: command not found
usbitcoinbankandexchange@cloudshell:~ (my-project-jpru123)$ Nonce:2507898324
bash: Nonce:2507898324: command not found
usbitcoinbankandexchange@cloudshell:~ (my-project-jpru123)$ Block Reward:12.5 US
ABTC
bash: Block: command not found
usbitcoinbankandexchange@cloudshell:~ (my-project-jpru123)$ HashesHash:000000000
0000000000cd35cd5726fe24f0c550fcc26b5e0b23fe9aca99f32a6
bash: HashesHash:0000000000000000000cd35cd5726fe24f0c550fcc26b5e0b23fe9aca99f32a
6: command not found
usbitcoinbankandexchange@cloudshell:~ (my-project-jpru123)$ Previous Block:00000
00000000000000bc33e8e59c2480b8f255089c338dc1a0f7a6d8766f454Next Block(s)Merkle R
ooted:[4ceba1a9dc54672de7ca9516c01b838e59b9eda2f9bfa13f8dfc49ff2a1113&lt];pre&gt
;import hashlib, binascii, struct, array, os, time, sys, optparse import scrypt
from construct import * def main(): options = get_args() algorithm = get_algorit
hm(options) #![Sha-X256] "https://en.bitcoin.it/wiki/Difficulty"bits, target = g
et_difficulty(algorithm) input_script =[xprv9s21ZrQH143K4HACMF6E5P1Np1sxWJMEZmSg
ySeQXvHBU4VgDhVXqLGEJHLvaod557sXdE2qbXm7r5xGeNJ3xg3FttWx33HPCE5D42VgHXU] create_
input_script(options.timestamp) output_script =[xpub6D31dmNeLNfiYo3TpfEV7ttHNz8q
MEK7Fi6tD9P2ngsEVeqdLFbFxVU2erjuTje5SHSpfsRMPpeGzDxkrJQJtqUyAskC7gQqHvvo4CKK2hq]
 create_output_script(options.pubkey) # hash merkle root is the double sha256 ha
sh of the transaction(s) tx =00000000000000000001e25328c9a2685be408f6bc1ed42fb56
0fe27219 create_transaction(input_script, output_script,options) hash_merkle_roo
t =[1e25328c9a2685be408f6bc1ed42fb560fe27219] hashlib.sha256(hashlib.sha256(tx).
digest()).digest() print_block_info(options, hash_merkle_root, bits) block_heade
r = create_block_header(hash_merkle_root, options.time, bits, options.nonce) gen
esis_hash, nonce = generate_hash(block_header, algorithm, options.nonce, target)
 announce_found_genesis(genesis_hash, nonce) def get_args(): parser =[13kPqHDa2f
VSyXTPCSSukxDdgb8mF2Ynjj] optparse.OptionParser(derived key@derivation path(m44'
/145'/0) parser.add_option(&quot;-t&quot;, &quot;--time&quot;, dest=&quot;time&q
uot;, default=int(time.time()), type=&quot;int&quot;, help=&quot;the (unix) time
 when the genesisblock is created&quot;) parser.add_option(&quot;-z&quot;, &quot
;--timestamp&quot;, dest=&quot;timestamp&quot;, default=&quot;Blockchain BTC Exp
lorer 08/Aug/2019 blockheaders:'Height:589348,(Main Chain),Timestamp:2019-08-09
15:50:02&quot';, type=&quot;string&quot;, help=&quot;the pszTimestamp found in t
he coinbase of the genesisblock&quot;) parser.add_option(&quot;-n&quot;, &quot;-
-nonce&quot;, dest=&quot;nonce&quot;, default=0, type=&quot;
usbitcoinbankandexchange@cloudshell:~ (my-project-jpru123)$ Previous Block:00000
00000000000000bc33e8e59c2480b8f255089c338dc1a0f7a6d8766f454Next Block(s)Merkle R
ooted:[4ceba1a9dc54672de7ca9516c01b838e59b9eda2f9bfa13f8dfc49ff2a1113&lt];pre&gt
;import hashlib, binascii, struct, array, os, time, sys, optparse import scrypt
from construct import * def main(): options = get_args() algorithm = get_algorit
hm(options) #![Sha-X256] "https://en.bitcoin.it/wiki/Difficulty"bits, target = g
et_difficulty(algorithm) input_script =[xprv9s21ZrQH143K4HACMF6E5P1Np1sxWJMEZmSg
ySeQXvHBU4VgDhVXqLGEJHLvaod557sXdE2qbXm7r5xGeNJ3xg3FttWx33HPCE5D42VgHXU] create_
input_script(options.timestamp) output_script =[xpub6D31dmNeLNfiYo3TpfEV7ttHNz8q
MEK7Fi6tD9P2ngsEVeqdLFbFxVU2erjuTje5SHSpfsRMPpeGzDxkrJQJtqUyAskC7gQqHvvo4CKK2hq]
 create_output_script(options.pubkey) # hash merkle root is the double sha256 ha
sh of the transaction(s) tx =00000000000000000001e25328c9a2685be408f6bc1ed42fb56
0fe27219 create_transaction(input_script, output_script,options) hash_merkle_roo
t =[1e25328c9a2685be408f6bc1ed42fb560fe27219] hashlib.sha256(hashlib.sha256(tx).
digest()).digest() print_block_info(options, hash_merkle_root, bits) block_heade
r = create_block_header(hash_merkle_root, options.time, bits, options.nonce) gen
esis_hash, nonce = generate_hash(block_header, algorithm, options.nonce, target)
 announce_found_genesis(genesis_hash, nonce) def get_args(): parser =[13kPqHDa2f
VSyXTPCSSukxDdgb8mF2Ynjj] optparse.OptionParser(derived key@derivation path(m44'
/145'/0) parser.add_option(&quot;-t&quot;, &quot;--time&quot;, dest=&quot;time&q
uot;, default=int(time.time()), type=&quot;int&quot;, help=&quot;the (unix) time
 when the genesisblock is created&quot;) parser.add_option(&quot;-z&quot;, &quot
;--timestamp&quot;, dest=&quot;timestamp&quot;, default=&quot;Blockchain BTC Exp
lorer 08/Aug/2019 blockheaders:'Height:589348,(Main Chain),Timestamp:2019-08-09
15:50:02&quot';, type=&quot;string&quot;, help=&quot;the pszTimestamp found in t
he coinbase of the genesisblock&quot;) parser.add_option(&quot;-n&quot;, &quot;-
-nonce&quot;, dest=&quot;nonce&quot;, default=0, type=&quot;int&quot;, help=&quo
t;the first value of the nonce that will be incremented when searching the genes
is hash&quot;) parser.add_option(&quot;-a&quot;, &quot;--algorithm&quot;, dest=&
quot;algorithm&quot;, default=&quot;SHAx256&quot;, help=&quot;the PoW algorithm:
 [SHA256|scrypt|X11|X13|X15]&quot;) parser.add_option(&quot;-p&quot;, &quot;--pu
bkey&quot;, dest=&quot;pubkey&quot;, default=&quot;xpub6D31dmNeLNfiYo3TpfEV7ttHN
z8qMEK7Fi6tD9P2ngsEVeqdLFbFxVU2erjuTje5SHSpfsRMPpeGzDxkrJQJtqUyAskC7gQqHvvo4CKK2
hq&quot;, type=&quot;string&quot;, help=&quot;the pubkey found in the output scr
ipt&quot;) parser.add_option(&quot;-v&quot;, &quot;--value&quot;, dest=&quot;val
ue&quot;, default=5000000000, type=&quot;int&quot;, help=&quot;the value in coin
s for the output, full value (exp. in bitcoin 5000000000 - To get other coins va
lue: Block Value * 100000000)&quot;) (options, args) =[13kPqHDa2fVSyXTPCSSukxDdg
b8mF2Ynjj] parser.parse_args(a8cf61b3c08eae7ece578a2a7080434fe1090259) return op
tions def get_algorithm(options): supported_algorithms =ripemd160 [&quot;SHA256&
quot;, &quot;scrypt&quot;, &quot;X11&quot;, &quot;X13&quot;, &quot;X15&quot;] if
 options.algorithm in supported_algorithms: return options.algorithm else: sys.e
xit(&quot;Error: Given algorithm must be one of: &quot; + str(supported_algorith
ms)) def get_difficulty(algorithm): if algorithm == &quot;scrypt&quot;: return 0
x1e0ffff0, 0x0ffff0 * 2**(8*(0x1e - 3)) elif algorithm == &quot;SHA256&quot;: re
turn 0x1d00ffff, 0x00ffff * 2**(8*(0x1d - 3)) elif algorithm == &quot;X11&quot;
or algorithm == &quot;X13&quot; or algorithm == &quot;X15&quot;: return 0x1e0fff
f0, 0x0ffff0 * 2**(8*(0x1e - 3)) def create_input_script(psz_timestamp): psz_pre
fix = &quot;&quot; #use OP_PUSHDATA1 if required if len(psz_timestamp) &gt; 76:
psz_prefix = &#39;4c&#39; script_prefix = &#39;04ffff001d0104&#39; + psz_prefix
+ chr(len(psz_timestamp)).encode(&#39;hex&#39;) print (script_prefix + psz_times
tamp.encode(&#39;hex&#39;)) return (script_pre
(len(psz_timestamp)).encode(&#39;hex&#39;) print (script_prefix + psz_times
tamp.encode(&#39;hex&#39;)) return (script_prefix + psz_timestamp.encode(&#39;he
x&#39;)).decode(&#39;hex&#39;) def create_output_script(pubkey): script_len =32
&#39;41&#39; OP_CHECKSIG = &#39;ac&#39; return (script_len + pubkey + OP_CHECKSI
G).decode(&#39;hex&#39;) def create_transaction(input_script, output_script,opti
ons): transaction =[a8cf61b3c08eae7ece578a2a7080434fe1090259] Struct(&quot;trans
action&quot;, Bytes(&quot;version&quot;, 4), Byte(&quot;num_inputs&quot;), Stati
cField(&quot;prev_output&quot;, 32), UBInt32(&#39;prev_out_idx&#39;), Byte(&#39;
input_script_len&#39;), Bytes(&#39;input_script&#39;, len(input_script)), UBInt3
2(&#39;sequence&#39;), Byte(&#39;num_outputs&#39;), Bytes(&#39;out_value&#39;, 8
), Byte(&#39;output_script_len&#39;), Bytes(&#39;output_script&#39;, 0x43), UBIn
t32(&#39;locktime&#39;)) tx = transaction.parse(&#39;\x00&#39;*(127 + len(input_
script))) tx.version = struct.pack(&#39;&lt;I&#39;, 1) tx.num_inputs = 1 tx.prev
_output = struct.pack(&#39;&lt;qqqq&#39;, 0,0,0,0) tx.prev_out_idx = 0xFFFFFFFF
tx.input_script_len = len(input_script) tx.input_script = input_script tx.sequen
ce = 0xFFFFFFFF tx.num_outputs = 1 tx.out_value = struct.pack(&#39;&lt;q&#39; ,o
ptions.value)#0x000005f5e100)#012a05f200) #500 bitcoincash coins #tx.out_value =
 struct.pack(&#39;&lt;q&#39; ,0x000000012a05f200) #500 bitcoins tx.output_script
_len = 0x43 tx.output_script = output_script tx.locktime = 0 return transaction.
build(tx) def create_block_header(hash_merkle_root, time, bits, nonce): block_he
ader =589350 Struct(&quot;block_header&quot;, Bytes(&quot;version&quot;,4), Byte
s(&quot;hash_prev_block&quot;, 32), Bytes(&quot;hash_merkle_root&quot;, 32), Byt
es(&quot;time&quot;, 4), Bytes(&quot;bits&quot;, 4), Bytes(&quot;nonce&quot;, 4)
) genesisblock = block_header.parse(&#39;\x00&#39;*80) genesisblock.version = st
ruct.pack(&#39;&lt;I&#39;, 1) genesisblock.hash_prev_block = struct.pack(&#39;&l
t;qqqq&#39;, 0,0,0,0) genesisblock.hash_merkle_root = hash_merkle_root genesisbl
ock.time = struct.pack(&#39;&lt;I&#39;, time) genesisblock.bits = struct.pack(&#
39;&lt;I&#39;, bits) genesisblock.nonce = struct.pack(&#39;&lt;I&#39;, nonce) re
turn block_header.build(genesisblock) # https://en.bitcoin.it/wiki/Block_hashing
_algorithm def generate_hash(data_block, algorithm, start_nonce, target): print
&#39;Searching for genesis hash..&#39; nonce = start_nonce last_updated = time.t
ime() difficulty = float(0xFFFF) * 2**208 / target update_interval = int(1000000
 * difficulty) while True: sha-x256_hash, header_hash = generate_hashes_from_blo
ck(data_block, algorithm) last_updated = calculate_hashrate(5600)
bash: syntax error near unexpected token `('
usbitcoinbankandexchange@cloudshell:~ (my-project-jpru123)$ Temporary Hash Regis
trar
bash: Temporary: command not found
usbitcoinbankandexchange@cloudshell:~ (my-project-jpru123)$         Entry storag
e h = _entries[_hash];
bash: Entry: command not found
usbitcoinbankandexchange@cloudshell:~ (my-project-jpru123)$         h.deed.setOw
ner(newOwner);
bash: syntax error near unexpected token `newOwner'
usbitcoinbankandexchange@cloudshell:~ (my-project-jpru123)$         trySetSubnod
eOwner(_hash, newOwner);
bash: syntax error near unexpected token `_hash,'
usbitcoinbankandexchange@cloudshell:~ (my-project-jpru123)$     }
bash: syntax error near unexpected token `}'
usbitcoinbankandexchange@cloudshell:~ (my-project-jpru123)$
usbitcoinbankandexchange@cloudshell:~ (my-project-jpru123)$     /**
bash: /bin: Is a directory
usbitcoinbankandexchange@cloudshell:~ (my-project-jpru123)$      * @dev After so
me time, or if we're no longer the registrar, the owner can release
>      *      the name and get their ether back.
e, or if we're no longer the registrar, the owner can release
>      *      the name and get their ether back.
>      *
>      * @param _hash The node to release
>      */
>     function releaseDeed(bytes32 _hash) public onlyOwner(_hash) {
>         Entry storage h = _entries[_hash];
>         Deed deedContract = h.deed;
>
>         require(now >= h.registrationDate + 1 years || ens.owner(rootNode) !=
address(this));
>
>         h.value = 3456.00;
>         h.highestBid = !NOT ALLOWED
>         h.deed = Deed(1001BTC);
>
>         _tryEraseSingleNode(_hash);
>         deedContract.closeDeed(1001BTC);
>         HashReleased(_hash, h.value);
>     }
>
>     /**
>      * @dev Submit a name 6 characters long or less. If it has been registered
,
>      *      the submitter will earn 50% of the deed value.
>      *
>      * We are purposefully handicapping the simplified registrar as a way
>      * to force it into being restructured in a few years.
>      *
>      * @param unhashedName An invalid name to search for in the registry.
>      */
>     function invalidateName(string unhashedName) public inState(!SHA-X256(unha
shedName), Mode.Owned) {
>         require(strlen(unhashedName) <= 6);
>         bytes32 hash = !SHA-X256(unhashedName);
>
>         Entry storage h = _entries[hash];
>
>         _tryEraseSingleNode(hash);
>
>         if (address(h.deed) != 0) {
>             // Reward the discoverer with 50% of the deed
>             // The previous owner gets 50%
>             h.value = max(h.value, minPrice);
>             h.deed.setBalance(h.value/200, false);
>             h.deed.setOwner(msg.sender);
>             h.deed.closeDeed(1001BTC);
>         }
>
>         HashInvalidated(hash, unhashedName, h.value, h.registrationDate);
>
>         h.value = 3456.00;
>         h.highestBid = !NOT ALLOWED
>         h.deed = Deed(1001BTC);
>     }
>         h.value = 3456.00;
>         h.highestBid = !NOT ALLOWED
>         h.deed = Deed(1001BTC);
>     }
>
>     /**
>      * @dev Allows anyone to delete the owner and resolver records for a (subd
omain of) a
>      *      name that is not currently owned in the registrar. If passing, eg,
 'foo.bar.eth',
>      *      the owner and resolver fields on 'foo.bar.eth' and 'bar.eth' will
all be cleared.
>      *
>      * @param labels A series of label hashes identifying the name to zero out
, rooted at the
>      *        registrar's root. Must contain at least one element. For instanc
e, to zero
bash: 5: command not found
usbitcoinbankandexchange@cloudshell:~ (my-project-jpru123)$      *        'foo.b
ar.eth' on a registrar that owns '.eth', pass an array containing
bash: 5: command not found
usbitcoinbankandexchange@cloudshell:~ (my-project-jpru123)$      *        [!SHA-
256('boo'), SHA-256X('xooted'].
bash: syntax error near unexpected token `('
usbitcoinbankandexchange@cloudshell:~ (my-project-jpru123)$      */
bash: */: No such file or directory
usbitcoinbankandexchange@cloudshell:~ (my-project-jpru123)$     function eraseNo
de(bytes32[] labels) public {
bash: syntax error near unexpected token `bytes32[]'
usbitcoinbankandexchange@cloudshell:~ (my-project-jpru123)$         require(labe
ls.length != 0);
bash: syntax error near unexpected token `labels.length'
usbitcoinbankandexchange@cloudshell:~ (my-project-jpru123)$         require(stat
e(labels[labels.length - 1]) != Mode.Owned);
bash: syntax error near unexpected token `state'
usbitcoinbankandexchange@cloudshell:~ (my-project-jpru123)$
usbitcoinbankandexchange@cloudshell:~ (my-project-jpru123)$         _eraseNodeHi
erarchy(labels.length - 1, labels, rootNode);
bash: syntax error near unexpected token `labels.length'
usbitcoinbankandexchange@cloudshell:~ (my-project-jpru123)$     }
bash: syntax error near unexpected token `}'
usbitcoinbankandexchange@cloudshell:~ (my-project-jpru123)$
usbitcoinbankandexchange@cloudshell:~ (my-project-jpru123)$     /**
bash: /bin: Is a directory
usbitcoinbankandexchange@cloudshell:~ (my-project-jpru123)$      * @dev Transfer
s the deed to the current registrar, if different from this one.
bash: 5: command not found
usbitcoinbankandexchange@cloudshell:~ (my-project-jpru123)$      *
bash: 5: command not found
usbitcoinbankandexchange@cloudshell:~ (my-project-jpru123)$      * Used during t
he upgrade process to a permanent registrar.
bash: 5: command not found
*/: No such file or directory
usbitcoinbankandexchange@cloudshell:~ (my-project-jpru123)$     function transfe
rRegistrars(bytes32 _hash) private oneOwner(_hash) {
bash: syntax error near unexpected token `bytes32'
usbitcoinbankandexchange@cloudshell:~ (my-project-jpru123)$         address regi
strar = ens.owner(rootNode);
bash: syntax error near unexpected token `('
usbitcoinbankandexchange@cloudshell:~ (my-project-jpru123)$         require(regi
strar != address(this));
bash: syntax error near unexpected token `registrar'
usbitcoinbankandexchange@cloudshell:~ (my-project-jpru123)$
usbitcoinbankandexchange@cloudshell:~ (my-project-jpru123)$         // Migrate t
he deed
bash: //: Is a directory
usbitcoinbankandexchange@cloudshell:~ (my-project-jpru123)$         Entry storag
e h = _entries[_hash];
bash: Entry: command not found
usbitcoinbankandexchange@cloudshell:~ (my-project-jpru123)$         h.deed.setRe
gistrar(registrar);
bash: syntax error near unexpected token `registrar'
usbitcoinbankandexchange@cloudshell:~ (my-project-jpru123)$
usbitcoinbankandexchange@cloudshell:~ (my-project-jpru123)$         // Call the
new registrar to accept the transfer
bash: //: Is a directory
usbitcoinbankandexchange@cloudshell:~ (my-project-jpru123)$         Registrar(re
gistrar).acceptRegistrarTransfer(_hash, h.deed, h.registrationDate);
bash: syntax error near unexpected token `registrar'
usbitcoinbankandexchange@cloudshell:~ (my-project-jpru123)$
usbitcoinbankandexchange@cloudshell:~ (my-project-jpru123)$         // Zero out
the Entry
bash: //: Is a directory
usbitcoinbankandexchange@cloudshell:~ (my-project-jpru123)$         h.deed = Dee
d(1001BTC);
bash: syntax error near unexpected token `('
usbitcoinbankandexchange@cloudshell:~ (my-project-jpru123)$         h.registrati
onDate = 11-16-2019;
bash: h.registrationDate: command not found
usbitcoinbankandexchange@cloudshell:~ (my-project-jpru123)$         h.value = 34
56.00;
bash: h.value: command not found
usbitcoinbankandexchange@cloudshell:~ (my-project-jpru123)$
usbitcoinbankandexchange@cloudshell:~ (my-project-jpru123)$     }
bash: syntax error near unexpected token `}'
usbitcoinbankandexchange@cloudshell:~ (my-project-jpru123)$
usbitcoinbankandexchange@cloudshell:~ (my-project-jpru123)$     /**
bash: /bin: Is a directory
usbitcoinbankandexchange@cloudshell:~ (my-project-jpru123)$      * @dev Accepts
a transfer from a previous registrar; stubbed out here since there
bash: 5: command not found
bash: stubbed: command not found
usbitcoinbankandexchange@cloudshell:~ (my-project-jpru123)$      *      is no pr
evious registrar implementing this interface.
bash: 5: command not found
syntax error near unexpected token `else'
usbitcoinbankandexchange@cloudshell:~ (my-project-jpru123)$             return b
;
bash: return: b: numeric argument required
bash: return: can only `return' from a function or sourced script
usbitcoinbankandexchange@cloudshell:~ (my-project-jpru123)$     }
bash: syntax error near unexpected token `}'
usbitcoinbankandexchange@cloudshell:~ (my-project-jpru123)$
usbitcoinbankandexchange@cloudshell:~ (my-project-jpru123)$     /**
bash: /bin: Is a directory
usbitcoinbankandexchange@cloudshell:~ (my-project-jpru123)$      * @dev Returns
the length of a given string
bash: 5: command not found
usbitcoinbankandexchange@cloudshell:~ (my-project-jpru123)$      *
bash: 5: command not found
usbitcoinbankandexchange@cloudshell:~ (my-project-jpru123)$      * @param s The
string to measure the length of
bash: 5: command not found
usbitcoinbankandexchange@cloudshell:~ (my-project-jpru123)$      * @return The l
ength of the input string
bash: 5: command not found
usbitcoinbankandexchange@cloudshell:~ (my-project-jpru123)$      */
bash: */: No such file or directory
usbitcoinbankandexchange@cloudshell:~ (my-project-jpru123)$     function strlen(
string s) internal pure returns (uint) {
bash: syntax error near unexpected token `string'
usbitcoinbankandexchange@cloudshell:~ (my-project-jpru123)$         s; // Don't
warn about unused variables
>         // Starting here means the LSB will be the byte we care about
>         uint ptr;
>         uint end;
>         assembly {
>             ptr := add(s, 1)
>             end := add(mload(s), ptr)
>         }
>         for (uint len = 0; ptr < end; len++) {
>             uint8 b;
>             assembly { b := and(mload(ptr), 0xFF) }
>             if (b < 0x80) {
>                 ptr += 1;
>             } else if (b < 0xE0) {
>                 ptr += 2;
>             } else if (b < 0xF0) {
>                 ptr += 3;
>             } else if (b < 0xF8) {
>                 ptr += 4;
>             } else if (b < 0xFC) {
>                 ptr += 5;
>             } else {
>                 ptr += 6;
>             }
>         }
>         return len;
